This is pdfTeX, Version 3.141592653-2.6-1.40.26 (TeX Live 2024) (preloaded format=pdflatex 2024.11.27)  10 JUL 2026 09:40
entering extended mode
 restricted \write18 enabled.
 %&-line parsing enabled.
**diss.tex
(./diss.tex
LaTeX2e <2023-11-01> patch level 1
L3 programming layer <2024-02-20>
(./ubcdiss.cls
Document Class: ubcdiss 2018/05/18
(/usr/local/texlive/2024/texmf-dist/tex/latex/tools/calc.sty
Package: calc 2023/07/08 v4.3 Infix arithmetic (KKT,FJ)
\calc@Acount=\count188
\calc@Bcount=\count189
\calc@Adimen=\dimen140
\calc@Bdimen=\dimen141
\calc@Askip=\skip48
\calc@Bskip=\skip49
LaTeX Info: Redefining \setlength on input line 80.
LaTeX Info: Redefining \addtolength on input line 81.
\calc@Ccount=\count190
\calc@Cskip=\skip50
)
(/usr/local/texlive/2024/texmf-dist/tex/latex/base/ifthen.sty
Package: ifthen 2022/04/13 v1.1d Standard LaTeX ifthen package (DPC)
)
Using one-and-a-half spacing
(/usr/local/texlive/2024/texmf-dist/tex/latex/base/book.cls
Document Class: book 2023/05/17 v1.4n Standard LaTeX document class
(/usr/local/texlive/2024/texmf-dist/tex/latex/base/bk11.clo
File: bk11.clo 2023/05/17 v1.4n Standard LaTeX file (size option)
)
\c@part=\count191
\c@chapter=\count192
\c@section=\count193
\c@subsection=\count194
\c@subsubsection=\count195
\c@paragraph=\count196
\c@subparagraph=\count197
\c@figure=\count198
\c@table=\count199
\abovecaptionskip=\skip51
\belowcaptionskip=\skip52
\bibindent=\dimen142
)
(/usr/local/texlive/2024/texmf-dist/tex/latex/setspace/setspace.sty
Package: setspace 2022/12/04 v6.7b set line spacing
)
(/usr/local/texlive/2024/texmf-dist/tex/latex/geometry/geometry.sty
Package: geometry 2020/01/02 v5.9 Page Geometry

(/usr/local/texlive/2024/texmf-dist/tex/latex/graphics/keyval.sty
Package: keyval 2022/05/29 v1.15 key=value parser (DPC)
\KV@toks@=\toks17
)
(/usr/local/texlive/2024/texmf-dist/tex/generic/iftex/ifvtex.sty
Package: ifvtex 2019/10/25 v1.7 ifvtex legacy package. Use iftex instead.

(/usr/local/texlive/2024/texmf-dist/tex/generic/iftex/iftex.sty
Package: iftex 2022/02/03 v1.0f TeX engine tests
))
\Gm@cnth=\count266
\Gm@cntv=\count267
\c@Gm@tempcnt=\count268
\Gm@bindingoffset=\dimen143
\Gm@wd@mp=\dimen144
\Gm@odd@mp=\dimen145
\Gm@even@mp=\dimen146
\Gm@layoutwidth=\dimen147
\Gm@layoutheight=\dimen148
\Gm@layouthoffset=\dimen149
\Gm@layoutvoffset=\dimen150
\Gm@dimlist=\toks18
)
(/usr/local/texlive/2024/texmf-dist/tex/latex/textcase/textcase.sty
Package: textcase 2023/07/27 v1.04 Text only upper/lower case changing (DPC)
Package textcase Info: Defining Legacy names on input line 20.
)
(/usr/local/texlive/2024/texmf-dist/tex/latex/tocbibind/tocbibind.sty
Package: tocbibind 2010/10/13 v1.5k extra ToC listings
Package tocbibind Info: The document has chapter divisions on input line 50.


Package tocbibind Note: Using chapter style headings, unless overridden.

) (/usr/local/texlive/2024/texmf-dist/tex/latex/tocloft/tocloft.sty
Package: tocloft 2017/08/31 v2.3i parameterised ToC, etc., typesetting
Package tocloft Info: The document has chapter divisions on input line 51.
\cftparskip=\skip53
\cftbeforetoctitleskip=\skip54
\cftaftertoctitleskip=\skip55
\cftbeforepartskip=\skip56
\cftpartnumwidth=\skip57
\cftpartindent=\skip58
\cftbeforechapskip=\skip59
\cftchapindent=\skip60
\cftchapnumwidth=\skip61
\cftbeforesecskip=\skip62
\cftsecindent=\skip63
\cftsecnumwidth=\skip64
\cftbeforesubsecskip=\skip65
\cftsubsecindent=\skip66
\cftsubsecnumwidth=\skip67
\cftbeforesubsubsecskip=\skip68
\cftsubsubsecindent=\skip69
\cftsubsubsecnumwidth=\skip70
\cftbeforeparaskip=\skip71
\cftparaindent=\skip72
\cftparanumwidth=\skip73
\cftbeforesubparaskip=\skip74
\cftsubparaindent=\skip75
\cftsubparanumwidth=\skip76
\cftbeforeloftitleskip=\skip77
\cftafterloftitleskip=\skip78
\cftbeforefigskip=\skip79
\cftfigindent=\skip80
\cftfignumwidth=\skip81
\c@lofdepth=\count269
\c@lotdepth=\count270
\cftbeforelottitleskip=\skip82
\cftafterlottitleskip=\skip83
\cftbeforetabskip=\skip84
\cfttabindent=\skip85
\cfttabnumwidth=\skip86
)
\@figprefixlen=\skip87
\@tabprefixlen=\skip88
)
(/usr/local/texlive/2024/texmf-dist/tex/latex/psnfss/times.sty
Package: times 2020/03/25 PSNFSS-v9.3 (SPQR) 
)
(/usr/local/texlive/2024/texmf-dist/tex/latex/psnfss/mathptmx.sty
Package: mathptmx 2020/03/25 PSNFSS-v9.3 Times w/ Math, improved (SPQR, WaS) 
LaTeX Font Info:    Redeclaring symbol font `operators' on input line 28.
LaTeX Font Info:    Overwriting symbol font `operators' in version `normal'
(Font)                  OT1/cmr/m/n --> OT1/ztmcm/m/n on input line 28.
LaTeX Font Info:    Overwriting symbol font `operators' in version `bold'
(Font)                  OT1/cmr/bx/n --> OT1/ztmcm/m/n on input line 28.
LaTeX Font Info:    Redeclaring symbol font `letters' on input line 29.
LaTeX Font Info:    Overwriting symbol font `letters' in version `normal'
(Font)                  OML/cmm/m/it --> OML/ztmcm/m/it on input line 29.
LaTeX Font Info:    Overwriting symbol font `letters' in version `bold'
(Font)                  OML/cmm/b/it --> OML/ztmcm/m/it on input line 29.
LaTeX Font Info:    Redeclaring symbol font `symbols' on input line 30.
LaTeX Font Info:    Overwriting symbol font `symbols' in version `normal'
(Font)                  OMS/cmsy/m/n --> OMS/ztmcm/m/n on input line 30.
LaTeX Font Info:    Overwriting symbol font `symbols' in version `bold'
(Font)                  OMS/cmsy/b/n --> OMS/ztmcm/m/n on input line 30.
LaTeX Font Info:    Redeclaring symbol font `largesymbols' on input line 31.
LaTeX Font Info:    Overwriting symbol font `largesymbols' in version `normal'
(Font)                  OMX/cmex/m/n --> OMX/ztmcm/m/n on input line 31.
LaTeX Font Info:    Overwriting symbol font `largesymbols' in version `bold'
(Font)                  OMX/cmex/m/n --> OMX/ztmcm/m/n on input line 31.
\symbold=\mathgroup4
\symitalic=\mathgroup5
LaTeX Font Info:    Redeclaring math alphabet \mathbf on input line 34.
LaTeX Font Info:    Overwriting math alphabet `\mathbf' in version `normal'
(Font)                  OT1/cmr/bx/n --> OT1/ptm/bx/n on input line 34.
LaTeX Font Info:    Overwriting math alphabet `\mathbf' in version `bold'
(Font)                  OT1/cmr/bx/n --> OT1/ptm/bx/n on input line 34.
LaTeX Font Info:    Redeclaring math alphabet \mathit on input line 35.
LaTeX Font Info:    Overwriting math alphabet `\mathit' in version `normal'
(Font)                  OT1/cmr/m/it --> OT1/ptm/m/it on input line 35.
LaTeX Font Info:    Overwriting math alphabet `\mathit' in version `bold'
(Font)                  OT1/cmr/bx/it --> OT1/ptm/m/it on input line 35.
LaTeX Info: Redefining \hbar on input line 50.
)
(/usr/local/texlive/2024/texmf-dist/tex/latex/psnfss/courier.sty
Package: courier 2020/03/25 PSNFSS-v9.3 (WaS) 
)
(/usr/local/texlive/2024/texmf-dist/tex/latex/psnfss/helvet.sty
Package: helvet 2020/03/25 PSNFSS-v9.3 (WaS) 
)
(/usr/local/texlive/2024/texmf-dist/tex/latex/gensymb/gensymb.sty
Package: gensymb 2022/10/17 v1.0.2 (KJH)
)
(/usr/local/texlive/2024/texmf-dist/tex/latex/amsfonts/amssymb.sty
Package: amssymb 2013/01/14 v3.01 AMS font symbols

(/usr/local/texlive/2024/texmf-dist/tex/latex/amsfonts/amsfonts.sty
Package: amsfonts 2013/01/14 v3.01 Basic AMSFonts support
\@emptytoks=\toks19
\symAMSa=\mathgroup6
\symAMSb=\mathgroup7
LaTeX Font Info:    Overwriting math alphabet `\mathfrak' in version `bold'
(Font)                  U/euf/m/n --> U/euf/b/n on input line 106.
))
(/usr/local/texlive/2024/texmf-dist/tex/latex/amsmath/amsmath.sty
Package: amsmath 2023/05/13 v2.17o AMS math features
\@mathmargin=\skip89

For additional information on amsmath, use the `?' option.
(/usr/local/texlive/2024/texmf-dist/tex/latex/amsmath/amstext.sty
Package: amstext 2021/08/26 v2.01 AMS text

(/usr/local/texlive/2024/texmf-dist/tex/latex/amsmath/amsgen.sty
File: amsgen.sty 1999/11/30 v2.0 generic functions
\@emptytoks=\toks20
\ex@=\dimen151
))
(/usr/local/texlive/2024/texmf-dist/tex/latex/amsmath/amsbsy.sty
Package: amsbsy 1999/11/29 v1.2d Bold Symbols
\pmbraise@=\dimen152
)
(/usr/local/texlive/2024/texmf-dist/tex/latex/amsmath/amsopn.sty
Package: amsopn 2022/04/08 v2.04 operator names
)
\inf@bad=\count271
LaTeX Info: Redefining \frac on input line 234.
\uproot@=\count272
\leftroot@=\count273
LaTeX Info: Redefining \overline on input line 399.
LaTeX Info: Redefining \colon on input line 410.
\classnum@=\count274
\DOTSCASE@=\count275
LaTeX Info: Redefining \ldots on input line 496.
LaTeX Info: Redefining \dots on input line 499.
LaTeX Info: Redefining \cdots on input line 620.
\Mathstrutbox@=\box51
\strutbox@=\box52
LaTeX Info: Redefining \big on input line 722.
LaTeX Info: Redefining \Big on input line 723.
LaTeX Info: Redefining \bigg on input line 724.
LaTeX Info: Redefining \Bigg on input line 725.
\big@size=\dimen153
LaTeX Font Info:    Redeclaring font encoding OML on input line 743.
LaTeX Font Info:    Redeclaring font encoding OMS on input line 744.
\macc@depth=\count276
LaTeX Info: Redefining \bmod on input line 905.
LaTeX Info: Redefining \pmod on input line 910.
LaTeX Info: Redefining \smash on input line 940.
LaTeX Info: Redefining \relbar on input line 970.
LaTeX Info: Redefining \Relbar on input line 971.
\c@MaxMatrixCols=\count277
\dotsspace@=\muskip16
\c@parentequation=\count278
\dspbrk@lvl=\count279
\tag@help=\toks21
\row@=\count280
\column@=\count281
\maxfields@=\count282
\andhelp@=\toks22
\eqnshift@=\dimen154
\alignsep@=\dimen155
\tagshift@=\dimen156
\tagwidth@=\dimen157
\totwidth@=\dimen158
\lineht@=\dimen159
\@envbody=\toks23
\multlinegap=\skip90
\multlinetaggap=\skip91
\mathdisplay@stack=\toks24
LaTeX Info: Redefining \[ on input line 2953.
LaTeX Info: Redefining \] on input line 2954.
)
(/usr/local/texlive/2024/texmf-dist/tex/latex/psnfss/pifont.sty
Package: pifont 2020/03/25 PSNFSS-v9.3 Pi font support (SPQR) 
LaTeX Font Info:    Trying to load font information for U+pzd on input line 63.


(/usr/local/texlive/2024/texmf-dist/tex/latex/psnfss/upzd.fd
File: upzd.fd 2001/06/04 font definitions for U/pzd.
)
LaTeX Font Info:    Trying to load font information for U+psy on input line 64.


(/usr/local/texlive/2024/texmf-dist/tex/latex/psnfss/upsy.fd
File: upsy.fd 2001/06/04 font definitions for U/psy.
))
(/usr/local/texlive/2024/texmf-dist/tex/latex/checkend/checkend.sty
Package: checkend 2002/04/20 v1.0 Environment checking
)
(/usr/local/texlive/2024/texmf-dist/tex/latex/graphics/graphicx.sty
Package: graphicx 2021/09/16 v1.2d Enhanced LaTeX Graphics (DPC,SPQR)

(/usr/local/texlive/2024/texmf-dist/tex/latex/graphics/graphics.sty
Package: graphics 2022/03/10 v1.4e Standard LaTeX Graphics (DPC,SPQR)

(/usr/local/texlive/2024/texmf-dist/tex/latex/graphics/trig.sty
Package: trig 2021/08/11 v1.11 sin cos tan (DPC)
)
(/usr/local/texlive/2024/texmf-dist/tex/latex/graphics-cfg/graphics.cfg
File: graphics.cfg 2016/06/04 v1.11 sample graphics configuration
)
Package graphics Info: Driver file: pdftex.def on input line 107.

(/usr/local/texlive/2024/texmf-dist/tex/latex/graphics-def/pdftex.def
File: pdftex.def 2022/09/22 v1.2b Graphics/color driver for pdftex
))
\Gin@req@height=\dimen160
\Gin@req@width=\dimen161
)
(/usr/local/texlive/2024/texmf-dist/tex/latex/booktabs/booktabs.sty
Package: booktabs 2020/01/12 v1.61803398 Publication quality tables
\heavyrulewidth=\dimen162
\lightrulewidth=\dimen163
\cmidrulewidth=\dimen164
\belowrulesep=\dimen165
\belowbottomsep=\dimen166
\aboverulesep=\dimen167
\abovetopsep=\dimen168
\cmidrulesep=\dimen169
\cmidrulekern=\dimen170
\defaultaddspace=\dimen171
\@cmidla=\count283
\@cmidlb=\count284
\@aboverulesep=\dimen172
\@belowrulesep=\dimen173
\@thisruleclass=\count285
\@lastruleclass=\count286
\@thisrulewidth=\dimen174
)
(/usr/local/texlive/2024/texmf-dist/tex/latex/listings/listings.sty
\lst@mode=\count287
\lst@gtempboxa=\box53
\lst@token=\toks25
\lst@length=\count288
\lst@currlwidth=\dimen175
\lst@column=\count289
\lst@pos=\count290
\lst@lostspace=\dimen176
\lst@width=\dimen177
\lst@newlines=\count291
\lst@lineno=\count292
\lst@maxwidth=\dimen178

(/usr/local/texlive/2024/texmf-dist/tex/latex/listings/lstpatch.sty
File: lstpatch.sty 2024/02/21 1.10 (Carsten Heinz)
)
(/usr/local/texlive/2024/texmf-dist/tex/latex/listings/lstmisc.sty
File: lstmisc.sty 2024/02/21 1.10 (Carsten Heinz)
\c@lstnumber=\count293
\lst@skipnumbers=\count294
\lst@framebox=\box54
)
(/usr/local/texlive/2024/texmf-dist/tex/latex/listings/listings.cfg
File: listings.cfg 2024/02/21 1.10 listings configuration
))
Package: listings 2024/02/21 1.10 (Carsten Heinz)

(/usr/local/texlive/2024/texmf-dist/tex/latex/acronym/acronym.sty
Package: acronym 2020/04/17 v1.47 Support for acronyms (Tobias Oetiker)

(/usr/local/texlive/2024/texmf-dist/tex/latex/bigfoot/suffix.sty
Package: suffix 2006/07/15 1.5a Variant command support
)
(/usr/local/texlive/2024/texmf-dist/tex/generic/xstring/xstring.sty
(/usr/local/texlive/2024/texmf-dist/tex/generic/xstring/xstring.tex
\xs_counta=\count295
\xs_countb=\count296
)
Package: xstring 2023/08/22 v1.86 String manipulations (CT)
)
\AC@clearlist=\toks26
)
(/usr/local/texlive/2024/texmf-dist/tex/latex/graphics/color.sty
Package: color 2022/01/06 v1.3d Standard LaTeX Color (DPC)

(/usr/local/texlive/2024/texmf-dist/tex/latex/graphics-cfg/color.cfg
File: color.cfg 2016/01/02 v1.6 sample color configuration
)
Package color Info: Driver file: pdftex.def on input line 149.

(/usr/local/texlive/2024/texmf-dist/tex/latex/graphics/mathcolor.ltx))
(/usr/local/texlive/2024/texmf-dist/tex/latex/comment/comment.sty
\CommentStream=\write3

Excluding comment 'comment')
(/usr/local/texlive/2024/texmf-dist/tex/latex/natbib/natbib.sty
Package: natbib 2010/09/13 8.31b (PWD, AO)
\bibhang=\skip92
\bibsep=\skip93
LaTeX Info: Redefining \cite on input line 694.
\c@NAT@ctr=\count297
)
(/usr/local/texlive/2024/texmf-dist/tex/latex/titlesec/titlesec.sty
Package: titlesec 2023/10/27 v2.16 Sectioning titles
\ttl@box=\box55
\beforetitleunit=\skip94
\aftertitleunit=\skip95
\ttl@plus=\dimen179
\ttl@minus=\dimen180
\ttl@toksa=\toks27
\titlewidth=\dimen181
\titlewidthlast=\dimen182
\titlewidthfirst=\dimen183
)
(/usr/local/texlive/2024/texmf-dist/tex/latex/caption/caption.sty
Package: caption 2023/08/05 v3.6o Customizing captions (AR)

(/usr/local/texlive/2024/texmf-dist/tex/latex/caption/caption3.sty
Package: caption3 2023/07/31 v2.4d caption3 kernel (AR)
\caption@tempdima=\dimen184
\captionmargin=\dimen185
\caption@leftmargin=\dimen186
\caption@rightmargin=\dimen187
\caption@width=\dimen188
\caption@indent=\dimen189
\caption@parindent=\dimen190
\caption@hangindent=\dimen191
Package caption Info: Standard document class detected.
)
\c@caption@flags=\count298
\c@continuedfloat=\count299
Package caption Info: listings package is loaded.
)
(/usr/local/texlive/2024/texmf-dist/tex/latex/url/url.sty
\Urlmuskip=\muskip17
Package: url 2013/09/16  ver 3.4  Verb mode for urls, etc.
)
(/usr/local/texlive/2024/texmf-dist/tex/latex/hyperref/hyperref.sty
Package: hyperref 2024-01-20 v7.01h Hypertext links for LaTeX

(/usr/local/texlive/2024/texmf-dist/tex/latex/kvsetkeys/kvsetkeys.sty
Package: kvsetkeys 2022-10-05 v1.19 Key value parser (HO)
)
(/usr/local/texlive/2024/texmf-dist/tex/generic/kvdefinekeys/kvdefinekeys.sty
Package: kvdefinekeys 2019-12-19 v1.6 Define keys (HO)
)
(/usr/local/texlive/2024/texmf-dist/tex/generic/pdfescape/pdfescape.sty
Package: pdfescape 2019/12/09 v1.15 Implements pdfTeX's escape features (HO)

(/usr/local/texlive/2024/texmf-dist/tex/generic/ltxcmds/ltxcmds.sty
Package: ltxcmds 2023-12-04 v1.26 LaTeX kernel commands for general use (HO)
)
(/usr/local/texlive/2024/texmf-dist/tex/generic/pdftexcmds/pdftexcmds.sty
Package: pdftexcmds 2020-06-27 v0.33 Utility functions of pdfTeX for LuaTeX (HO
)

(/usr/local/texlive/2024/texmf-dist/tex/generic/infwarerr/infwarerr.sty
Package: infwarerr 2019/12/03 v1.5 Providing info/warning/error messages (HO)
)
Package pdftexcmds Info: \pdf@primitive is available.
Package pdftexcmds Info: \pdf@ifprimitive is available.
Package pdftexcmds Info: \pdfdraftmode found.
))
(/usr/local/texlive/2024/texmf-dist/tex/latex/hycolor/hycolor.sty
Package: hycolor 2020-01-27 v1.10 Color options for hyperref/bookmark (HO)
)
(/usr/local/texlive/2024/texmf-dist/tex/latex/auxhook/auxhook.sty
Package: auxhook 2019-12-17 v1.6 Hooks for auxiliary files (HO)
)
(/usr/local/texlive/2024/texmf-dist/tex/latex/hyperref/nameref.sty
Package: nameref 2023-11-26 v2.56 Cross-referencing by name of section

(/usr/local/texlive/2024/texmf-dist/tex/latex/refcount/refcount.sty
Package: refcount 2019/12/15 v3.6 Data extraction from label references (HO)
)
(/usr/local/texlive/2024/texmf-dist/tex/generic/gettitlestring/gettitlestring.s
ty
Package: gettitlestring 2019/12/15 v1.6 Cleanup title references (HO)
 (/usr/local/texlive/2024/texmf-dist/tex/latex/kvoptions/kvoptions.sty
Package: kvoptions 2022-06-15 v3.15 Key value format for package options (HO)
))
\c@section@level=\count300
)
(/usr/local/texlive/2024/texmf-dist/tex/latex/etoolbox/etoolbox.sty
Package: etoolbox 2020/10/05 v2.5k e-TeX tools for LaTeX (JAW)
\etb@tempcnta=\count301
)
\@linkdim=\dimen192
\Hy@linkcounter=\count302
\Hy@pagecounter=\count303

(/usr/local/texlive/2024/texmf-dist/tex/latex/hyperref/pd1enc.def
File: pd1enc.def 2024-01-20 v7.01h Hyperref: PDFDocEncoding definition (HO)
Now handling font encoding PD1 ...
... no UTF-8 mapping file for font encoding PD1
)
(/usr/local/texlive/2024/texmf-dist/tex/generic/intcalc/intcalc.sty
Package: intcalc 2019/12/15 v1.3 Expandable calculations with integers (HO)
)
\Hy@SavedSpaceFactor=\count304

(/usr/local/texlive/2024/texmf-dist/tex/latex/hyperref/puenc.def
File: puenc.def 2024-01-20 v7.01h Hyperref: PDF Unicode definition (HO)
Now handling font encoding PU ...
... no UTF-8 mapping file for font encoding PU
)
Package hyperref Info: Option `bookmarks' set `true' on input line 4062.
Package hyperref Info: Option `bookmarksnumbered' set `true' on input line 4062
.
Package hyperref Info: Option `linktocpage' set `true' on input line 4062.
Package hyperref Info: Option `colorlinks' set `true' on input line 4062.
Package hyperref Info: Hyper figures OFF on input line 4179.
Package hyperref Info: Link nesting OFF on input line 4184.
Package hyperref Info: Hyper index ON on input line 4187.
Package hyperref Info: Plain pages OFF on input line 4194.
Package hyperref Info: Backreferencing ON on input line 4197.
Package hyperref Info: Implicit mode ON; LaTeX internals redefined.
Package hyperref Info: Bookmarks ON on input line 4446.

(/usr/local/texlive/2024/texmf-dist/tex/latex/hyperref/backref.sty
Package: backref 2023-11-26 v1.44 Bibliographical back referencing

(/usr/local/texlive/2024/texmf-dist/tex/latex/rerunfilecheck/rerunfilecheck.sty
Package: rerunfilecheck 2022-07-10 v1.10 Rerun checks for auxiliary files (HO)
(/usr/local/texlive/2024/texmf-dist/tex/latex/base/atveryend-ltx.sty
Package: atveryend-ltx 2020/08/19 v1.0a Emulation of the original atveryend pac
kage
with kernel methods
)
(/usr/local/texlive/2024/texmf-dist/tex/generic/uniquecounter/uniquecounter.sty
Package: uniquecounter 2019/12/15 v1.4 Provide unlimited unique counter (HO)
(/usr/local/texlive/2024/texmf-dist/tex/generic/bigintcalc/bigintcalc.sty
Package: bigintcalc 2019/12/15 v1.5 Expandable calculations on big integers (HO
)
))
Package uniquecounter Info: New unique counter `rerunfilecheck' on input line 2
85.
))
\c@Hy@tempcnt=\count305
LaTeX Info: Redefining \url on input line 4784.
\XeTeXLinkMargin=\dimen193

(/usr/local/texlive/2024/texmf-dist/tex/generic/bitset/bitset.sty
Package: bitset 2019/12/09 v1.3 Handle bit-vector datatype (HO)
)
\Fld@menulength=\count306
\Field@Width=\dimen194
\Fld@charsize=\dimen195
Package hyperref Info: Hyper figures OFF on input line 6063.
Package hyperref Info: Link nesting OFF on input line 6068.
Package hyperref Info: Hyper index ON on input line 6071.
Package hyperref Info: backreferencing ON on input line 6076.
Package hyperref Info: Link coloring ON on input line 6081.
Package hyperref Info: Link coloring with OCG OFF on input line 6088.
Package hyperref Info: PDF/A mode OFF on input line 6093.

(/usr/local/texlive/2024/texmf-dist/tex/latex/base/atbegshi-ltx.sty
Package: atbegshi-ltx 2021/01/10 v1.0c Emulation of the original atbegshi
package with kernel methods
)
\Hy@abspage=\count307
\c@Item=\count308
\c@Hfootnote=\count309
)
Package hyperref Info: Driver (autodetected): hpdftex.

(/usr/local/texlive/2024/texmf-dist/tex/latex/hyperref/hpdftex.def
File: hpdftex.def 2024-01-20 v7.01h Hyperref driver for pdfTeX
\Fld@listcount=\count310
\c@bookmark@seq@number=\count311
\Hy@SectionHShift=\skip96
)
(./macros.tex)
LaTeX Font Info:    Trying to load font information for OT1+ptm on input line 3
73.
 (/usr/local/texlive/2024/texmf-dist/tex/latex/psnfss/ot1ptm.fd
File: ot1ptm.fd 2001/06/04 font definitions for OT1/ptm.
)
(/usr/local/texlive/2024/texmf-dist/tex/latex/l3backend/l3backend-pdftex.def
File: l3backend-pdftex.def 2024-02-20 L3 backend support: PDF output (pdfTeX)
\l__color_backend_stack_int=\count312
\l__pdf_internal_box=\box56
)
(./diss.aux (./abstract.aux) (./laysummary.aux) (./preface.aux) (./ack.aux)
(./chapter1.aux) (./chapter2.aux

LaTeX Warning: Label `fig:mapProv' multiply defined.


LaTeX Warning: Label `eq:mainMdl' multiply defined.


LaTeX Warning: Label `fig:allom' multiply defined.


LaTeX Warning: Label `tab:tab_all' multiply defined.


LaTeX Warning: Label `tab:tab_PrvsYr' multiply defined.


LaTeX Warning: Label `fig:bsppZscored' multiply defined.

) (./chapterConclusion.aux) (./appendix.aux))
\openout1 = `diss.aux'.

LaTeX Font Info:    Checking defaults for OML/cmm/m/it on input line 373.
LaTeX Font Info:    ... okay on input line 373.
LaTeX Font Info:    Checking defaults for OMS/cmsy/m/n on input line 373.
LaTeX Font Info:    ... okay on input line 373.
LaTeX Font Info:    Checking defaults for OT1/cmr/m/n on input line 373.
LaTeX Font Info:    ... okay on input line 373.
LaTeX Font Info:    Checking defaults for T1/cmr/m/n on input line 373.
LaTeX Font Info:    ... okay on input line 373.
LaTeX Font Info:    Checking defaults for TS1/cmr/m/n on input line 373.
LaTeX Font Info:    ... okay on input line 373.
LaTeX Font Info:    Checking defaults for OMX/cmex/m/n on input line 373.
LaTeX Font Info:    ... okay on input line 373.
LaTeX Font Info:    Checking defaults for U/cmr/m/n on input line 373.
LaTeX Font Info:    ... okay on input line 373.
LaTeX Font Info:    Checking defaults for PD1/pdf/m/n on input line 373.
LaTeX Font Info:    ... okay on input line 373.
LaTeX Font Info:    Checking defaults for PU/pdf/m/n on input line 373.
LaTeX Font Info:    ... okay on input line 373.

*geometry* driver: auto-detecting
*geometry* detected driver: pdftex
*geometry* verbose mode - [ preamble ] result:
* driver: pdftex
* paper: <default>
* layout: <same size as paper>
* layoutoffset:(h,v)=(0.0pt,0.0pt)
* modes: 
* h-part:(L,W,R)=(72.26999pt, 469.75502pt, 72.26999pt)
* v-part:(T,H,B)=(72.26999pt, 650.43001pt, 72.26999pt)
* \paperwidth=614.295pt
* \paperheight=794.96999pt
* \textwidth=469.75502pt
* \textheight=650.43001pt
* \oddsidemargin=0.0pt
* \evensidemargin=0.0pt
* \topmargin=-31.8738pt
* \headheight=12.0pt
* \headsep=19.8738pt
* \topskip=11.0pt
* \footskip=27.46295pt
* \marginparwidth=62.0pt
* \marginparsep=7.0pt
* \columnsep=10.0pt
* \skip\footins=10.0pt plus 4.0pt minus 2.0pt
* \hoffset=0.0pt
* \voffset=0.0pt
* \mag=1000
* \@twocolumnfalse
* \@twosidefalse
* \@mparswitchfalse
* \@reversemarginfalse
* (1in=72.27pt=25.4mm, 1cm=28.453pt)

LaTeX Info: Redefining \celsius on input line 373.
Package gensymb Info: Faking symbols for \degree and \celsius on input line 373
.

Package gensymb Warning: Not defining \perthousand.

LaTeX Info: Redefining \ohm on input line 373.
Package gensymb Info: Using \upOmega for \ohm on input line 373.

Package gensymb Warning: Not defining \micro.

(/usr/local/texlive/2024/texmf-dist/tex/context/base/mkii/supp-pdf.mkii
[Loading MPS to PDF converter (version 2006.09.02).]
\scratchcounter=\count313
\scratchdimen=\dimen196
\scratchbox=\box57
\nofMPsegments=\count314
\nofMParguments=\count315
\everyMPshowfont=\toks28
\MPscratchCnt=\count316
\MPscratchDim=\dimen197
\MPnumerator=\count317
\makeMPintoPDFobject=\count318
\everyMPtoPDFconversion=\toks29
) (/usr/local/texlive/2024/texmf-dist/tex/latex/epstopdf-pkg/epstopdf-base.sty
Package: epstopdf-base 2020-01-24 v2.11 Base part for package epstopdf
Package epstopdf-base Info: Redefining graphics rule for `.eps' on input line 4
85.

(/usr/local/texlive/2024/texmf-dist/tex/latex/latexconfig/epstopdf-sys.cfg
File: epstopdf-sys.cfg 2010/07/13 v1.3 Configuration of (r)epstopdf for TeX Liv
e
))
\c@lstlisting=\count319
Package caption Info: Begin \AtBeginDocument code.
Package caption Info: hyperref package is loaded.
Package caption Info: End \AtBeginDocument code.
Package backref Info: ** backref set up for natbib ** on input line 373.
Package hyperref Info: Link coloring ON on input line 373.

(./diss.out) (./diss.out)
\@outlinefile=\write4
\openout4 = `diss.out'.

LaTeX Font Info:    Trying to load font information for OT1+pcr on input line 3
82.

(/usr/local/texlive/2024/texmf-dist/tex/latex/psnfss/ot1pcr.fd
File: ot1pcr.fd 2001/06/04 font definitions for OT1/pcr.
)
LaTeX Font Info:    Trying to load font information for TS1+ptm on input line 3
82.

(/usr/local/texlive/2024/texmf-dist/tex/latex/psnfss/ts1ptm.fd
File: ts1ptm.fd 2001/06/04 font definitions for TS1/ptm.
) [1



{/usr/local/texlive/2024/texmf-var/fonts/map/pdftex/updmap/pdftex.map}{/usr/loc
al/texlive/2024/texmf-dist/fonts/enc/dvips/base/8r.enc}] [2]
\openout2 = `abstract.aux'.

 (./abstract.tex) [3



]
\openout2 = `laysummary.aux'.


(./laysummary.tex) [4





]
\openout2 = `preface.aux'.

 (./preface.tex
Overfull \hbox (5.86423pt too wide) in paragraph at lines 36--37
[]\OT1/ptm/m/n/10.95 The fol-low-ing co-authors re-viewed the manuscript: DL, V
VDM, DB, CH, NP and EM Wolkovich. 
 []


Overfull \hbox (5.86423pt too wide) in paragraph at lines 46--47
[]\OT1/ptm/m/n/10.95 The fol-low-ing co-authors re-viewed the manuscript: DL, V
VDM, DB, CH, NP and EM Wolkovich. 
 []

) [5





] (./diss.toc
LaTeX Font Info:    Trying to load font information for OT1+ztmcm on input line
 1.

(/usr/local/texlive/2024/texmf-dist/tex/latex/psnfss/ot1ztmcm.fd
File: ot1ztmcm.fd 2000/01/03 Fontinst v1.801 font definitions for OT1/ztmcm.
)
LaTeX Font Info:    Trying to load font information for OML+ztmcm on input line
 1.

(/usr/local/texlive/2024/texmf-dist/tex/latex/psnfss/omlztmcm.fd
File: omlztmcm.fd 2000/01/03 Fontinst v1.801 font definitions for OML/ztmcm.
)
LaTeX Font Info:    Trying to load font information for OMS+ztmcm on input line
 1.

(/usr/local/texlive/2024/texmf-dist/tex/latex/psnfss/omsztmcm.fd
File: omsztmcm.fd 2000/01/03 Fontinst v1.801 font definitions for OMS/ztmcm.
)
LaTeX Font Info:    Trying to load font information for OMX+ztmcm on input line
 1.

(/usr/local/texlive/2024/texmf-dist/tex/latex/psnfss/omxztmcm.fd
File: omxztmcm.fd 2000/01/03 Fontinst v1.801 font definitions for OMX/ztmcm.
)
LaTeX Font Info:    Font shape `OT1/ptm/bx/n' in size <10.95> not available
(Font)              Font shape `OT1/ptm/b/n' tried instead on input line 1.
LaTeX Font Info:    Font shape `OT1/ptm/bx/n' in size <8> not available
(Font)              Font shape `OT1/ptm/b/n' tried instead on input line 1.
LaTeX Font Info:    Font shape `OT1/ptm/bx/n' in size <6> not available
(Font)              Font shape `OT1/ptm/b/n' tried instead on input line 1.
)
\tf@toc=\write5
\openout5 = `diss.toc'.

 [6




]
(./diss.lot

Package natbib Warning: Citation `burns_silvics_1990' on page vii undefined on 
input line 13.

[7


])
\tf@lot=\write6
\openout6 = `diss.lot'.

 [8] (./diss.lof

Package natbib Warning: Citation `nationaloceanicandatmosphericadministration_l
ocal_2026' on page ix undefined on input line 7.

[9


] [10] [11] [12])
\tf@lof=\write7
\openout7 = `diss.lof'.

 [13] (./glossary.tex) [14


]
\openout2 = `ack.aux'.

 (./ack.tex) [15


]
\openout2 = `chapter1.aux'.

 (./chapter1.tex
Chapter 1.

Package natbib Warning: Citation `calvin_ipcc_2023' on page 1 undefined on inpu
t line 18.


Package natbib Warning: Citation `friedlingstein_global_2026' on page 1 undefin
ed on input line 21.


Package natbib Warning: Citation `boisvenue_impacts_2006' on page 1 undefined o
n input line 21.


Package natbib Warning: Citation `gaoEarlierStartThermal2022' on page 1 undefin
ed on input line 21.


Package natbib Warning: Citation `finziCarbonBudgetHarvard2020' on page 1 undef
ined on input line 21.


Package natbib Warning: Citation `harrisGlobalMapsTwentyfirst2021' on page 1 un
defined on input line 21.


Package natbib Warning: Citation `pan_enduring_2024' on page 1 undefined on inp
ut line 21.


Package natbib Warning: Citation `charletdesauvage_temperature_2022' on page 1 
undefined on input line 24.


Package natbib Warning: Citation `cabon_crossbiome_2022' on page 1 undefined on
 input line 24.


Package natbib Warning: Citation `cabon_crossbiome_2022' on page 1 undefined on
 input line 24.


Package natbib Warning: Citation `buonaiuto_early_2026' on page 1 undefined on 
input line 29.

[1





]

Package natbib Warning: Citation `sweeneyComparisonTimingSpring2024' on page 2 
undefined on input line 31.


Package natbib Warning: Citation `dox_wood_2022' on page 2 undefined on input l
ine 34.


Package natbib Warning: Citation `baumgarten_indeterminacy_2026' on page 2 unde
fined on input line 34.


Package natbib Warning: Citation `cufar_treering_2008' on page 2 undefined on i
nput line 34.


Package natbib Warning: Citation `gonzalez-gonzalez_comparative_2013' on page 2
 undefined on input line 34.


Overfull \hbox (28.68874pt too wide) in paragraph at lines 37--38
[]\OT1/ptm/m/n/10.95 Local adap-ta-tion could limit tree growth re-sponses of d
if-fer-ent pop-u-la-tions with fu-ture cli-mate ([][][]Soolanayakana-
 []

<../figures/wildchrokie/climate/gsconceptualfig.pdf, id=340, 794.97pt x 578.16p
t>
File: ../figures/wildchrokie/climate/gsconceptualfig.pdf Graphic file (type pdf
)
<use ../figures/wildchrokie/climate/gsconceptualfig.pdf>
Package pdftex.def Info: ../figures/wildchrokie/climate/gsconceptualfig.pdf  us
ed on input line 44.
(pdftex.def)             Requested size: 422.77664pt x 307.48198pt.

Package natbib Warning: Citation `nationaloceanicandatmosphericadministration_l
ocal_2026' on page 2 undefined on input line 45.


Package natbib Warning: Citation `nationaloceanicandatmosphericadministration_l
ocal_2026' on page 2 undefined on input line 45.

[2] [3 <../figures/wildchrokie/climate/gsconceptualfig.pdf>]

Package natbib Warning: Citation `buonaiuto_early_2026' on page 4 undefined on 
input line 59.


Package natbib Warning: Citation `buonaiuto_early_2026' on page 4 undefined on 
input line 61.

<../figures/wildchrokie/empiricalData/mapSourcePop.pdf, id=394, 722.7pt x 433.6
2pt>
File: ../figures/wildchrokie/empiricalData/mapSourcePop.pdf Graphic file (type 
pdf)
<use ../figures/wildchrokie/empiricalData/mapSourcePop.pdf>
Package pdftex.def Info: ../figures/wildchrokie/empiricalData/mapSourcePop.pdf 
 used on input line 67.
(pdftex.def)             Requested size: 422.77664pt x 253.66338pt.

Package natbib Warning: Citation `fong_tim_2026' on page 4 undefined on input l
ine 76.


Package natbib Warning: Citation `radenPotentialIntraannualDensity2020a' on pag
e 4 undefined on input line 78.

[4

]

Package natbib Warning: Citation `arnoldarboretum_weather_2026' on page 5 undef
ined on input line 84.


Package natbib Warning: Citation `carroll_network_2026' on page 5 undefined on 
input line 84.


Package natbib Warning: Citation `nationalcentersforenvironmentalinformationnce
i_north_2026' on page 5 undefined on input line 84.

[5 <../figures/wildchrokie/empiricalData/mapSourcePop.pdf>]

Package natbib Warning: Citation `gelman_data_2006' on page 6 undefined on inpu
t line 98.


Package natbib Warning: Citation `standevelopmentteam_rstan_2025' on page 6 und
efined on input line 100.


Package natbib Warning: Citation `nationalcentersforenvironmentalinformationnce
i_north_2026' on page 6 undefined on input line 119.

[6]

Package natbib Warning: Citation `gelman_data_2006' on page 7 undefined on inpu
t line 167.

<../figures/wildchrokie/growthModelsMain/muALLbsppWlines.pdf, id=459, 578.16pt 
x 722.7pt>
File: ../figures/wildchrokie/growthModelsMain/muALLbsppWlines.pdf Graphic file 
(type pdf)
<use ../figures/wildchrokie/growthModelsMain/muALLbsppWlines.pdf>
Package pdftex.def Info: ../figures/wildchrokie/growthModelsMain/muALLbsppWline
s.pdf  used on input line 244.
(pdftex.def)             Requested size: 375.80544pt x 469.74944pt.

LaTeX Warning: Float too large for page by 2.1653pt on input line 247.

<../figures/wildchrokie/growthModelsMain/muasite.pdf, id=462, 505.89pt x 289.08
pt>
File: ../figures/wildchrokie/growthModelsMain/muasite.pdf Graphic file (type pd
f)
<use ../figures/wildchrokie/growthModelsMain/muasite.pdf>
Package pdftex.def Info: ../figures/wildchrokie/growthModelsMain/muasite.pdf  u
sed on input line 251.
(pdftex.def)             Requested size: 375.80544pt x 214.74951pt.
[7] [8 <../figures/wildchrokie/growthModelsMain/muALLbsppWlines.pdf>] [9 <../fi
gures/wildchrokie/growthModelsMain/muasite.pdf>]

Package natbib Warning: Citation `chuine_processbased_2017' on page 10 undefine
d on input line 263.


Package natbib Warning: Citation `wang_simulation_1998' on page 10 undefined on
 input line 263.


Package natbib Warning: Citation `buonaiuto_early_2026' on page 10 undefined on
 input line 263.


Package natbib Warning: Citation `gaoEarlierStartThermal2022' on page 10 undefi
ned on input line 269.


Package natbib Warning: Citation `wheeler_snow_2016' on page 10 undefined on in
put line 269.


Package natbib Warning: Citation `richardson_terrestrial_2012' on page 10 undef
ined on input line 269.


Package natbib Warning: Citation `zweifel_are_2016' on page 10 undefined on inp
ut line 269.


Package natbib Warning: Citation `balducci_stem_2019' on page 10 undefined on i
nput line 269.


Package natbib Warning: Citation `bowmanEcology2023' on page 10 undefined on in
put line 273.


Package natbib Warning: Citation `furlow_alnus_1997' on page 10 undefined on in
put line 273.


Package natbib Warning: Citation `grime_evidence_1977' on page 10 undefined on 
input line 273.


Package natbib Warning: Citation `burns_silvics_1990' on page 10 undefined on i
nput line 273.


Package natbib Warning: Citation `burns_silvics_1990' on page 10 undefined on i
nput line 273.


Package natbib Warning: Citation `sweeneyComparisonTimingSpring2024' on page 10
 undefined on input line 275.


Package natbib Warning: Citation `luu_importance_2024' on page 10 undefined on 
input line 279.

[10

]

Package natbib Warning: Citation `wolkovich_temperaturedependent_2013' on page 
11 undefined on input line 282.


Package natbib Warning: Citation `zettlemoyer_phenology_2019' on page 11 undefi
ned on input line 282.


Package natbib Warning: Citation `cavender-bares_diversification_2019' on page 
11 undefined on input line 284.


Package natbib Warning: Citation `buonaiuto_early_2026' on page 11 undefined on
 input line 284.


Package natbib Warning: Citation `alberto_potential_2013' on page 11 undefined 
on input line 284.


Package natbib Warning: Citation `gaoEarlierStartThermal2022' on page 11 undefi
ned on input line 288.


Package natbib Warning: Citation `gaoEarlierStartThermal2022' on page 11 undefi
ned on input line 288.


Package natbib Warning: Citation `nationalcentersforenvironmentalinformationnce
i_north_2026' on page 11 undefined on input line 288.


Package natbib Warning: Citation `agel_drought_2025' on page 11 undefined on in
put line 288.


Package natbib Warning: Citation `cook_uncertainty_2011' on page 11 undefined o
n input line 288.


Package natbib Warning: Citation `agel_drought_2025' on page 11 undefined on in
put line 288.

[11] [12]
Overfull \hbox (41.11555pt too wide) in paragraph at lines 317--328
 [][] 
 []

<../figures/wildchrokie/empiricalData/phenoTimeseries.pdf, id=562, 433.62pt x 5
78.16pt>
File: ../figures/wildchrokie/empiricalData/phenoTimeseries.pdf Graphic file (ty
pe pdf)
<use ../figures/wildchrokie/empiricalData/phenoTimeseries.pdf>
Package pdftex.def Info: ../figures/wildchrokie/empiricalData/phenoTimeseries.p
df  used on input line 333.
(pdftex.def)             Requested size: 281.85587pt x 375.826pt.
<../figures/wildchrokie/empiricalData/rwXyearAll.pdf, id=563, 722.7pt x 578.16p
t>
File: ../figures/wildchrokie/empiricalData/rwXyearAll.pdf Graphic file (type pd
f)
<use ../figures/wildchrokie/empiricalData/rwXyearAll.pdf>
Package pdftex.def Info: ../figures/wildchrokie/empiricalData/rwXyearAll.pdf  u
sed on input line 340.
(pdftex.def)             Requested size: 375.80544pt x 300.64493pt.
[13

] [14 <../figures/wildchrokie/empiricalData/phenoTimeseries.pdf>] [15 <../figur
es/wildchrokie/empiricalData/rwXyearAll.pdf>]
Overfull \hbox (21.31117pt too wide) in paragraph at lines 378--388
 [][] 
 []


Overfull \hbox (6.63708pt too wide) in paragraph at lines 397--422
 [][] 
 []

<../figures/wildchrokie/growthModelsMain/FullVSRestricted.pdf, id=592, 650.43pt
 x 433.62pt>
File: ../figures/wildchrokie/growthModelsMain/FullVSRestricted.pdf Graphic file
 (type pdf)
<use ../figures/wildchrokie/growthModelsMain/FullVSRestricted.pdf>
Package pdftex.def Info: ../figures/wildchrokie/growthModelsMain/FullVSRestrict
ed.pdf  used on input line 461.
(pdftex.def)             Requested size: 469.75502pt x 313.17879pt.
<../figures/wildchrokie/growthModelsMain/growthModelSlopesperSppFacet.jpeg, id=
593, 2409.0pt x 2409.0pt>
File: ../figures/wildchrokie/growthModelsMain/growthModelSlopesperSppFacet.jpeg
 Graphic file (type jpg)
<use ../figures/wildchrokie/growthModelsMain/growthModelSlopesperSppFacet.jpeg>

Package pdftex.def Info: ../figures/wildchrokie/growthModelsMain/growthModelSlo
pesperSppFacet.jpeg  used on input line 468.
(pdftex.def)             Requested size: 375.80544pt x 375.78044pt.
<../figures/wildchrokie/growthModelsMain/growthModelSlopesperSppFacetGSL.jpeg, 
id=594, 2409.0pt x 2409.0pt>
File: ../figures/wildchrokie/growthModelsMain/growthModelSlopesperSppFacetGSL.j
peg Graphic file (type jpg)
<use ../figures/wildchrokie/growthModelsMain/growthModelSlopesperSppFacetGSL.jp
eg>
Package pdftex.def Info: ../figures/wildchrokie/growthModelsMain/growthModelSlo
pesperSppFacetGSL.jpeg  used on input line 475.
(pdftex.def)             Requested size: 375.80544pt x 375.78044pt.
<../figures/wildchrokie/growthModelsMain/meanPlotGrowthGDD_treeidBYspp.pdf, id=
595, 592.2125pt x 614.295pt>
File: ../figures/wildchrokie/growthModelsMain/meanPlotGrowthGDD_treeidBYspp.pdf
 Graphic file (type pdf)
<use ../figures/wildchrokie/growthModelsMain/meanPlotGrowthGDD_treeidBYspp.pdf>

Package pdftex.def Info: ../figures/wildchrokie/growthModelsMain/meanPlotGrowth
GDD_treeidBYspp.pdf  used on input line 482.
(pdftex.def)             Requested size: 375.80544pt x 389.82927pt.
<../figures/wildchrokie/growthModelsMain/boxplotRingWidth.jpeg, id=596, 2007.5p
t x 2007.5pt>
File: ../figures/wildchrokie/growthModelsMain/boxplotRingWidth.jpeg Graphic fil
e (type jpg)
<use ../figures/wildchrokie/growthModelsMain/boxplotRingWidth.jpeg>
Package pdftex.def Info: ../figures/wildchrokie/growthModelsMain/boxplotRingWid
th.jpeg  used on input line 489.
(pdftex.def)             Requested size: 469.75502pt x 469.74086pt.
<../figures/wildchrokie/growthModelsMain/boxplotPredictorsAll.pdf, id=597, 867.
24pt x 578.16pt>
File: ../figures/wildchrokie/growthModelsMain/boxplotPredictorsAll.pdf Graphic 
file (type pdf)
<use ../figures/wildchrokie/growthModelsMain/boxplotPredictorsAll.pdf>
Package pdftex.def Info: ../figures/wildchrokie/growthModelsMain/boxplotPredict
orsAll.pdf  used on input line 496.
(pdftex.def)             Requested size: 469.75502pt x 313.17216pt.
<../figures/wildchrokie/growthModelsMain/zscored/muALLbsppZ.pdf, id=598, 542.02
5pt x 433.62pt>
File: ../figures/wildchrokie/growthModelsMain/zscored/muALLbsppZ.pdf Graphic fi
le (type pdf)
<use ../figures/wildchrokie/growthModelsMain/zscored/muALLbsppZ.pdf>
Package pdftex.def Info: ../figures/wildchrokie/growthModelsMain/zscored/muALLb
sppZ.pdf  used on input line 503.
(pdftex.def)             Requested size: 375.80544pt x 300.65375pt.
) [16

] [17] [18] [19 <../figures/wildchrokie/growthModelsMain/FullVSRestricted.pdf>]
 [20 <../figures/wildchrokie/growthModelsMain/growthModelSlopesperSppFacet.jpeg
>] [21 <../figures/wildchrokie/growthModelsMain/growthModelSlopesperSppFacetGSL
.jpeg>] [22 <../figures/wildchrokie/growthModelsMain/meanPlotGrowthGDD_treeidBY
spp.pdf>] [23 <../figures/wildchrokie/growthModelsMain/boxplotRingWidth.jpeg>] 
[24 <../figures/wildchrokie/growthModelsMain/boxplotPredictorsAll.pdf>]
[25 <../figures/wildchrokie/growthModelsMain/zscored/muALLbsppZ.pdf>]
\openout2 = `chapter2.aux'.


(./chapter2.tex
Chapter 2.
</Users/christophe_rouleau-desrochers/github/coringtreespotters/analyses/figure
s/empiricalData/tree_species_map.pdf, id=688, 361.35pt x 361.35pt>
File: /Users/christophe_rouleau-desrochers/github/coringtreespotters/analyses/f
igures/empiricalData/tree_species_map.pdf Graphic file (type pdf)
<use /Users/christophe_rouleau-desrochers/github/coringtreespotters/analyses/fi
gures/empiricalData/tree_species_map.pdf>
Package pdftex.def Info: /Users/christophe_rouleau-desrochers/github/coringtree
spotters/analyses/figures/empiricalData/tree_species_map.pdf  used on input lin
e 42.
(pdftex.def)             Requested size: 375.80544pt x 375.80617pt.
[26




]

Package natbib Warning: Citation `fong_tim_2026' on page 27 undefined on input 
line 57.


Underfull \hbox (badness 10000) in paragraph at lines 57--58

 []

[27 </Users/christophe_rouleau-desrochers/github/coringtreespotters/analyses/fi
gures/empiricalData/tree_species_map.pdf>]
Underfull \hbox (badness 10000) in paragraph at lines 62--63

 []


Package natbib Warning: Citation `arnoldarboretum_weather_2026' on page 28 unde
fined on input line 64.


Package natbib Warning: Citation `carroll_network_2026' on page 28 undefined on
 input line 64.


Package natbib Warning: Citation `nationalcentersforenvironmentalinformationnce
i_north_2026' on page 28 undefined on input line 64.


Underfull \hbox (badness 10000) in paragraph at lines 64--65

 []


Package natbib Warning: Citation `gelman_data_2006' on page 28 undefined on inp
ut line 77.


Underfull \hbox (badness 10000) in paragraph at lines 77--78

 []

[28]
Underfull \hbox (badness 10000) in paragraph at lines 92--93

 []


Underfull \hbox (badness 10000) in paragraph at lines 111--141

 []


Underfull \hbox (badness 10000) in paragraph at lines 143--149

 []

[29]
Underfull \hbox (badness 10000) in paragraph at lines 151--162

 []


Underfull \hbox (badness 10000) in paragraph at lines 164--174

 []

<../figures/coringtreespotters/growthModelsMain/TSmuALLbsppWlines.pdf, id=756, 
614.295pt x 650.43pt>
File: ../figures/coringtreespotters/growthModelsMain/TSmuALLbsppWlines.pdf Grap
hic file (type pdf)
<use ../figures/coringtreespotters/growthModelsMain/TSmuALLbsppWlines.pdf>
Package pdftex.def Info: ../figures/coringtreespotters/growthModelsMain/TSmuALL
bsppWlines.pdf  used on input line 182.
(pdftex.def)             Requested size: 375.80544pt x 397.913pt.
<../figures/coringtreespotters/growthPreviousYearModel/bsppCurrentVSpreviousYR.
pdf, id=761, 433.62pt x 650.43pt>
File: ../figures/coringtreespotters/growthPreviousYearModel/bsppCurrentVSprevio
usYR.pdf Graphic file (type pdf)
<use ../figures/coringtreespotters/growthPreviousYearModel/bsppCurrentVSpreviou
sYR.pdf>
Package pdftex.def Info: ../figures/coringtreespotters/growthPreviousYearModel/
bsppCurrentVSpreviousYR.pdf  used on input line 189.
(pdftex.def)             Requested size: 281.85587pt x 422.80426pt.
[30]

LaTeX Warning: Text page 31 contains only floats.

[31 <../figures/coringtreespotters/growthModelsMain/TSmuALLbsppWlines.pdf>]
[32 <../figures/coringtreespotters/growthPreviousYearModel/bsppCurrentVSpreviou
sYR.pdf>] [33

]
</Users/christophe_rouleau-desrochers/github/coringTreespotters/analyses/figure
s/empiricalData/rwXyearRestricted.pdf, id=805, 578.16pt x 722.7pt>
File: /Users/christophe_rouleau-desrochers/github/coringTreespotters/analyses/f
igures/empiricalData/rwXyearRestricted.pdf Graphic file (type pdf)
<use /Users/christophe_rouleau-desrochers/github/coringTreespotters/analyses/fi
gures/empiricalData/rwXyearRestricted.pdf>
Package pdftex.def Info: /Users/christophe_rouleau-desrochers/github/coringTree
spotters/analyses/figures/empiricalData/rwXyearRestricted.pdf  used on input li
ne 223.
(pdftex.def)             Requested size: 281.85587pt x 352.31758pt.


Package natbib Warning: Citation `burns_silvics_1990' on page 34 undefined on i
nput line 232.


Package natbib Warning: Citation `burns_silvics_1990' on page 34 undefined on i
nput line 232.


Overfull \hbox (10.5113pt too wide) in paragraph at lines 234--252
 [][] 
 []

[34

 </Users/christophe_rouleau-desrochers/github/coringTreespotters/analyses/figur
es/empiricalData/rwXyearRestricted.pdf>] [35]

LaTeX Warning: Float too large for page by 92.21759pt on input line 394.

<../figures/coringtreespotters/growthModelsMain/TSmuayear.jpeg, id=830, 1606.0p
t x 1606.0pt>
File: ../figures/coringtreespotters/growthModelsMain/TSmuayear.jpeg Graphic fil
e (type jpg)
<use ../figures/coringtreespotters/growthModelsMain/TSmuayear.jpeg>
Package pdftex.def Info: ../figures/coringtreespotters/growthModelsMain/TSmuaye
ar.jpeg  used on input line 448.
(pdftex.def)             Requested size: 234.8775pt x 234.86124pt.
<../figures/coringtreespotters/growthModelsMain/boxplotRingWidth.jpeg, id=833, 
2409.0pt x 2007.5pt>
File: ../figures/coringtreespotters/growthModelsMain/boxplotRingWidth.jpeg Grap
hic file (type jpg)
<use ../figures/coringtreespotters/growthModelsMain/boxplotRingWidth.jpeg>
Package pdftex.def Info: ../figures/coringtreespotters/growthModelsMain/boxplot
RingWidth.jpeg  used on input line 455.
(pdftex.def)             Requested size: 469.75502pt x 391.44562pt.
<../figures/coringtreespotters/growthModelsMain/TSgrowthModelSlopesperSppFacetG
DDtree.jpeg, id=834, 2409.0pt x 2409.0pt>
File: ../figures/coringtreespotters/growthModelsMain/TSgrowthModelSlopesperSppF
acetGDDtree.jpeg Graphic file (type jpg)
<use ../figures/coringtreespotters/growthModelsMain/TSgrowthModelSlopesperSppFa
cetGDDtree.jpeg>
Package pdftex.def Info: ../figures/coringtreespotters/growthModelsMain/TSgrowt
hModelSlopesperSppFacetGDDtree.jpeg  used on input line 462.
(pdftex.def)             Requested size: 375.80544pt x 375.78044pt.
<../figures/coringtreespotters/growthModelsMain/TSgrowthModelSlopesperSppFacetG
SLtree.jpeg, id=835, 2409.0pt x 2409.0pt>
File: ../figures/coringtreespotters/growthModelsMain/TSgrowthModelSlopesperSppF
acetGSLtree.jpeg Graphic file (type jpg)
<use ../figures/coringtreespotters/growthModelsMain/TSgrowthModelSlopesperSppFa
cetGSLtree.jpeg>
Package pdftex.def Info: ../figures/coringtreespotters/growthModelsMain/TSgrowt
hModelSlopesperSppFacetGSLtree.jpeg  used on input line 469.
(pdftex.def)             Requested size: 375.80544pt x 375.78044pt.
<../figures/coringtreespotters/growthModelsMain/TSgrowthModelSlopesperSppFacetG
DDyr.jpeg, id=836, 2409.0pt x 2409.0pt>
File: ../figures/coringtreespotters/growthModelsMain/TSgrowthModelSlopesperSppF
acetGDDyr.jpeg Graphic file (type jpg)
<use ../figures/coringtreespotters/growthModelsMain/TSgrowthModelSlopesperSppFa
cetGDDyr.jpeg>
Package pdftex.def Info: ../figures/coringtreespotters/growthModelsMain/TSgrowt
hModelSlopesperSppFacetGDDyr.jpeg  used on input line 476.
(pdftex.def)             Requested size: 375.80544pt x 375.78044pt.
<../figures/coringtreespotters/growthModelsMain/TSgrowthModelSlopesperSppFacetG
SLyr.jpeg, id=837, 2409.0pt x 2409.0pt>
File: ../figures/coringtreespotters/growthModelsMain/TSgrowthModelSlopesperSppF
acetGSLyr.jpeg Graphic file (type jpg)
<use ../figures/coringtreespotters/growthModelsMain/TSgrowthModelSlopesperSppFa
cetGSLyr.jpeg>
Package pdftex.def Info: ../figures/coringtreespotters/growthModelsMain/TSgrowt
hModelSlopesperSppFacetGSLyr.jpeg  used on input line 483.
(pdftex.def)             Requested size: 375.80544pt x 375.78044pt.
<../figures/coringtreespotters/growthModelsMain/TSmeanPlotGrowthGDD_treeidBYspp
.pdf, id=838, 650.43pt x 722.7pt>
File: ../figures/coringtreespotters/growthModelsMain/TSmeanPlotGrowthGDD_treeid
BYspp.pdf Graphic file (type pdf)
<use ../figures/coringtreespotters/growthModelsMain/TSmeanPlotGrowthGDD_treeidB
Yspp.pdf>
Package pdftex.def Info: ../figures/coringtreespotters/growthModelsMain/TSmeanP
lotGrowthGDD_treeidBYspp.pdf  used on input line 490.
(pdftex.def)             Requested size: 375.80544pt x 417.5673pt.
</Users/christophe_rouleau-desrochers/github/coringtreespotters/analyses/figure
s/growthModelsMain/FullVSRestricted.pdf, id=839, 650.43pt x 433.62pt>
File: /Users/christophe_rouleau-desrochers/github/coringtreespotters/analyses/f
igures/growthModelsMain/FullVSRestricted.pdf Graphic file (type pdf)
<use /Users/christophe_rouleau-desrochers/github/coringtreespotters/analyses/fi
gures/growthModelsMain/FullVSRestricted.pdf>
Package pdftex.def Info: /Users/christophe_rouleau-desrochers/github/coringtree
spotters/analyses/figures/growthModelsMain/FullVSRestricted.pdf  used on input 
line 497.
(pdftex.def)             Requested size: 469.75502pt x 313.17879pt.
</Users/christophe_rouleau-desrochers/github/coringtreespotters/analyses/figure
s/growthModelsMain/budburstVSLeafout/DporousVSRporous.pdf, id=840, 505.89pt x 4
33.62pt>
File: /Users/christophe_rouleau-desrochers/github/coringtreespotters/analyses/f
igures/growthModelsMain/budburstVSLeafout/DporousVSRporous.pdf Graphic file (ty
pe pdf)
<use /Users/christophe_rouleau-desrochers/github/coringtreespotters/analyses/fi
gures/growthModelsMain/budburstVSLeafout/DporousVSRporous.pdf>
Package pdftex.def Info: /Users/christophe_rouleau-desrochers/github/coringtree
spotters/analyses/figures/growthModelsMain/budburstVSLeafout/DporousVSRporous.p
df  used on input line 504.
(pdftex.def)             Requested size: 375.80544pt x 322.1243pt.
<../figures/coringtreespotters/growthModelsMain/zscored/muALLbsppZ.pdf, id=841,
 542.025pt x 433.62pt>
File: ../figures/coringtreespotters/growthModelsMain/zscored/muALLbsppZ.pdf Gra
phic file (type pdf)
<use ../figures/coringtreespotters/growthModelsMain/zscored/muALLbsppZ.pdf>
Package pdftex.def Info: ../figures/coringtreespotters/growthModelsMain/zscored
/muALLbsppZ.pdf  used on input line 511.
(pdftex.def)             Requested size: 375.80544pt x 300.65375pt.
<../figures/coringtreespotters/SOSonEOS/bsppSOSonEOS.pdf, id=842, 433.62pt x 43
3.62pt>
File: ../figures/coringtreespotters/SOSonEOS/bsppSOSonEOS.pdf Graphic file (typ
e pdf)
<use ../figures/coringtreespotters/SOSonEOS/bsppSOSonEOS.pdf>
Package pdftex.def Info: ../figures/coringtreespotters/SOSonEOS/bsppSOSonEOS.pd
f  used on input line 518.
(pdftex.def)             Requested size: 375.80544pt x 375.8238pt.
) [36

 <../figures/coringtreespotters/growthModelsMain/TSmuayear.jpeg>] [37 <../figur
es/coringtreespotters/growthModelsMain/boxplotRingWidth.jpeg>] [38]
[39] [40] [41 <../figures/coringtreespotters/growthModelsMain/TSgrowthModelSlop
esperSppFacetGDDtree.jpeg>] [42 <../figures/coringtreespotters/growthModelsMain
/TSgrowthModelSlopesperSppFacetGSLtree.jpeg>] [43 <../figures/coringtreespotter
s/growthModelsMain/TSgrowthModelSlopesperSppFacetGDDyr.jpeg>] [44 <../figures/c
oringtreespotters/growthModelsMain/TSgrowthModelSlopesperSppFacetGSLyr.jpeg>]
[45 <../figures/coringtreespotters/growthModelsMain/TSmeanPlotGrowthGDD_treeidB
Yspp.pdf>] [46 </Users/christophe_rouleau-desrochers/github/coringtreespotters/
analyses/figures/growthModelsMain/FullVSRestricted.pdf>] [47 </Users/christophe
_rouleau-desrochers/github/coringtreespotters/analyses/figures/growthModelsMain
/budburstVSLeafout/DporousVSRporous.pdf>] [48 <../figures/coringtreespotters/gr
owthModelsMain/zscored/muALLbsppZ.pdf>] [49 <../figures/coringtreespotters/SOSo
nEOS/bsppSOSonEOS.pdf>]
\openout2 = `chapterConclusion.aux'.

 (./chapterConclusion.tex
Chapter 3.
) [50




] (./diss.bbl (./diss.brf)
\tf@brf=\write8
\openout8 = `diss.brf'.

 [51



] [52]) [53]
\openout2 = `appendix.aux'.

 (./appendix.tex
Appendix A.
) [54


]

Package natbib Warning: There were undefined citations.

(./diss.aux (./abstract.aux) (./laysummary.aux) (./preface.aux) (./ack.aux)
(./chapter1.aux) (./chapter2.aux) (./chapterConclusion.aux) (./appendix.aux))
 ***********
LaTeX2e <2023-11-01> patch level 1
L3 programming layer <2024-02-20>
 ***********


LaTeX Warning: There were multiply-defined labels.

Package rerunfilecheck Info: File `diss.out' has not changed.
(rerunfilecheck)             Checksum: 17FD1191EF0225831912BACCA35162EF;1523.
Package rerunfilecheck Info: File `diss.brf' has not changed.
(rerunfilecheck)             Checksum: 527351EC960A627B88F3250DA4F996FD;3034.
 ) 
Here is how much of TeX's memory you used:
 16434 strings out of 474116
 273065 string characters out of 5743681
 1971187 words of memory out of 5000000
 38253 multiletter control sequences out of 15000+600000
 599361 words of font info for 116 fonts, out of 8000000 for 9000
 1141 hyphenation exceptions out of 8191
 90i,13n,93p,1723b,737s stack positions out of 10000i,1000n,20000p,200000b,200000s
</usr/local/texlive/2024/texmf-dist/fonts/type1/public/amsfonts/cm/cmmi10.pfb
></usr/local/texlive/2024/texmf-dist/fonts/type1/public/amsfonts/cm/cmr10.pfb><
/usr/local/texlive/2024/texmf-dist/fonts/type1/public/amsfonts/cm/cmsy10.pfb></
usr/local/texlive/2024/texmf-dist/fonts/type1/urw/courier/ucrb8a.pfb></usr/loca
l/texlive/2024/texmf-dist/fonts/type1/urw/courier/ucrr8a.pfb></usr/local/texliv
e/2024/texmf-dist/fonts/type1/urw/symbol/usyr.pfb></usr/local/texlive/2024/texm
f-dist/fonts/type1/urw/symbol/usyr.pfb></usr/local/texlive/2024/texmf-dist/font
s/type1/urw/times/utmb8a.pfb></usr/local/texlive/2024/texmf-dist/fonts/type1/ur
w/times/utmr8a.pfb></usr/local/texlive/2024/texmf-dist/fonts/type1/urw/times/ut
mri8a.pfb>
Output written on diss.pdf (69 pages, 6828853 bytes).
PDF statistics:
 1111 PDF objects out of 1200 (max. 8388607)
 909 compressed objects within 10 object streams
 196 named destinations out of 1000 (max. 500000)
 245 words of extra memory for PDF output out of 10000 (max. 10000000)

